
Allocating common symbols
Common symbol       size              file

krnl_tcb            0x11d0            condvar.o
last_free           0x4               eth_enc28j60.o
enchendo            0x8               test_t1.o
contaPostIt         0x4               test_t1.o
krnl_heap           0x7a120           condvar.o
krnl_current_task   0x2               condvar.o
krnl_task           0x4               condvar.o
krnl_event_queue    0x4               condvar.o
krnl_aperiodic_queue
                    0x4               condvar.o
first_free          0x4               eth_enc28j60.o
krnl_tasks          0x2               condvar.o
mutex               0x8               test_t1.o
cheia               0x8               test_t1.o
krnl_pcb            0x1c              condvar.o
krnl_free           0x4               condvar.o
krnl_run_queue      0x4               condvar.o
krnl_rt_queue       0x4               condvar.o
krnl_schedule       0x2               condvar.o
krnl_delay_queue    0x4               condvar.o

Discarded input sections

 .text          0x0000000000000000        0x0 condvar.o
 .data          0x0000000000000000        0x0 condvar.o
 .bss           0x0000000000000000        0x0 condvar.o
 .pdr           0x0000000000000000       0xa0 condvar.o
 .text.hf_condinit
                0x0000000000000000       0x68 condvar.o
 .text.hf_conddestroy
                0x0000000000000000       0x64 condvar.o
 .text.hf_condwait
                0x0000000000000000       0xac condvar.o
 .text.hf_condsignal
                0x0000000000000000       0x50 condvar.o
 .text.hf_condbroadcast
                0x0000000000000000       0x78 condvar.o
 .text          0x0000000000000000        0x0 crc.o
 .data          0x0000000000000000        0x0 crc.o
 .bss           0x0000000000000000        0x0 crc.o
 .reginfo       0x0000000000000000       0x18 crc.o
 .MIPS.abiflags
                0x0000000000000000       0x18 crc.o
 .pdr           0x0000000000000000       0x60 crc.o
 .mdebug.abi32  0x0000000000000000        0x0 crc.o
 .text.hf_crc16
                0x0000000000000000       0x6c crc.o
 .text.hf_crc32
                0x0000000000000000       0x50 crc.o
 .text.hf_crc64
                0x0000000000000000       0x74 crc.o
 .comment       0x0000000000000000       0x12 crc.o
 .gnu.attributes
                0x0000000000000000       0x10 crc.o
 .data          0x0000000000000000        0x0 crt0.o
 .bss           0x0000000000000000        0x0 crt0.o
 .reginfo       0x0000000000000000       0x18 crt0.o
 .MIPS.abiflags
                0x0000000000000000       0x18 crt0.o
 .pdr           0x0000000000000000       0xa0 crt0.o
 .text          0x0000000000000000        0x0 eth_enc28j60.o
 .data          0x0000000000000000        0x0 eth_enc28j60.o
 .bss           0x0000000000000000        0x0 eth_enc28j60.o
 .reginfo       0x0000000000000000       0x18 eth_enc28j60.o
 .MIPS.abiflags
                0x0000000000000000       0x18 eth_enc28j60.o
 .text          0x0000000000000000        0x0 hal.o
 .data          0x0000000000000000        0x0 hal.o
 .bss           0x0000000000000000        0x0 hal.o
 .reginfo       0x0000000000000000       0x18 hal.o
 .MIPS.abiflags
                0x0000000000000000       0x18 hal.o
 .pdr           0x0000000000000000      0x320 hal.o
 .text.kbhit    0x0000000000000000       0x10 hal.o
 .text.getchar  0x0000000000000000       0x20 hal.o
 .text.delay_ms
                0x0000000000000000      0x124 hal.o
 .text.delay_us
                0x0000000000000000      0x124 hal.o
 .text.led_set  0x0000000000000000        0x8 hal.o
 .text.button_get
                0x0000000000000000        0x8 hal.o
 .text.switch_get
                0x0000000000000000        0x8 hal.o
 .text._get_task_tp
                0x0000000000000000       0x2c hal.o
 .text._readcounter
                0x0000000000000000       0x10 hal.o
 .text          0x0000000000000000        0x0 interrupt.o
 .data          0x0000000000000000        0x0 interrupt.o
 .bss           0x0000000000000000        0x0 interrupt.o
 .reginfo       0x0000000000000000       0x18 interrupt.o
 .MIPS.abiflags
                0x0000000000000000       0x18 interrupt.o
 .pdr           0x0000000000000000       0xa0 interrupt.o
 .text._irq_mask_set
                0x0000000000000000       0x18 interrupt.o
 .text._irq_mask_clr
                0x0000000000000000       0x1c interrupt.o
 .text._exception_handler
                0x0000000000000000        0x8 interrupt.o
 .text          0x0000000000000000        0x0 kprintf.o
 .data          0x0000000000000000        0x0 kprintf.o
 .bss           0x0000000000000000        0x0 kprintf.o
 .reginfo       0x0000000000000000       0x18 kprintf.o
 .MIPS.abiflags
                0x0000000000000000       0x18 kprintf.o
 .pdr           0x0000000000000000       0x60 kprintf.o
 .text          0x0000000000000000        0x0 libc.o
 .data          0x0000000000000000        0x0 libc.o
 .bss           0x0000000000000000        0x0 libc.o
 .reginfo       0x0000000000000000       0x18 libc.o
 .MIPS.abiflags
                0x0000000000000000       0x18 libc.o
 .pdr           0x0000000000000000      0x640 libc.o
 .text.strcpy   0x0000000000000000       0x24 libc.o
 .text.strcat   0x0000000000000000       0x48 libc.o
 .text.strncat  0x0000000000000000       0x64 libc.o
 .text.strcmp   0x0000000000000000       0x30 libc.o
 .text.strncmp  0x0000000000000000       0x38 libc.o
 .text.strstr   0x0000000000000000       0x78 libc.o
 .text.strlen   0x0000000000000000       0x34 libc.o
 .text.strchr   0x0000000000000000       0x30 libc.o
 .text.strpbrk  0x0000000000000000       0x5c libc.o
 .text.strsep   0x0000000000000000       0x78 libc.o
 .text.strtok   0x0000000000000000       0xb8 libc.o
 .text.memcpy   0x0000000000000000       0x2c libc.o
 .text.memmove  0x0000000000000000       0x60 libc.o
 .text.memcmp   0x0000000000000000       0x54 libc.o
 .text.strtol   0x0000000000000000      0x110 libc.o
 .text.atoi     0x0000000000000000       0xb0 libc.o
 .text.itoa     0x0000000000000000      0x120 libc.o
 .text.puts     0x0000000000000000       0x4c libc.o
 .text.gets     0x0000000000000000       0x74 libc.o
 .text.abs      0x0000000000000000       0x10 libc.o
 .text.random   0x0000000000000000       0x54 libc.o
 .text.srand    0x0000000000000000        0xc libc.o
 .text.hexdump  0x0000000000000000      0x144 libc.o
 .text.sprintf  0x0000000000000000       0x34 libc.o
 .text.malloc   0x0000000000000000        0x8 libc.o
 .text.free     0x0000000000000000        0x8 libc.o
 .text.calloc   0x0000000000000000        0x8 libc.o
 .text.realloc  0x0000000000000000        0x8 libc.o
 .text.__mulsi3
                0x0000000000000000       0x28 libc.o
 .text.__muldsi3
                0x0000000000000000       0xc4 libc.o
 .text.__muldi3
                0x0000000000000000       0xac libc.o
 .text.__ashldi3
                0x0000000000000000       0x3c libc.o
 .text.__ashrdi3
                0x0000000000000000       0x44 libc.o
 .text.__lshrdi3
                0x0000000000000000       0x3c libc.o
 .text.__udivmoddi4
                0x0000000000000000       0x20 libc.o
 .text.__umoddi3
                0x0000000000000000       0x30 libc.o
 .text.__moddi3
                0x0000000000000000       0xac libc.o
 .text.__divdi3
                0x0000000000000000       0xd4 libc.o
 .bss.last.1255
                0x0000000000000000        0x4 libc.o
 .data.rand1    0x0000000000000000        0x4 libc.o
 .text          0x0000000000000000        0x0 list.o
 .data          0x0000000000000000        0x0 list.o
 .bss           0x0000000000000000        0x0 list.o
 .reginfo       0x0000000000000000       0x18 list.o
 .MIPS.abiflags
                0x0000000000000000       0x18 list.o
 .pdr           0x0000000000000000       0xe0 list.o
 .mdebug.abi32  0x0000000000000000        0x0 list.o
 .text.hf_list_init
                0x0000000000000000       0x2c list.o
 .text.hf_list_append
                0x0000000000000000       0x68 list.o
 .text.hf_list_insert
                0x0000000000000000       0x90 list.o
 .text.hf_list_remove
                0x0000000000000000       0x58 list.o
 .text.hf_list_get
                0x0000000000000000       0x30 list.o
 .text.hf_list_set
                0x0000000000000000       0x34 list.o
 .text.hf_list_count
                0x0000000000000000       0x20 list.o
 .comment       0x0000000000000000       0x12 list.o
 .gnu.attributes
                0x0000000000000000       0x10 list.o
 .scommon       0x0000000000000000        0x0 list.o
 .text          0x0000000000000000        0x0 main.o
 .data          0x0000000000000000        0x0 main.o
 .bss           0x0000000000000000        0x0 main.o
 .reginfo       0x0000000000000000       0x18 main.o
 .MIPS.abiflags
                0x0000000000000000       0x18 main.o
 .pdr           0x0000000000000000       0x40 main.o
 .text          0x0000000000000000        0x0 malloc.o
 .data          0x0000000000000000        0x0 malloc.o
 .bss           0x0000000000000000        0x0 malloc.o
 .reginfo       0x0000000000000000       0x18 malloc.o
 .MIPS.abiflags
                0x0000000000000000       0x18 malloc.o
 .pdr           0x0000000000000000       0xa0 malloc.o
 .text.hf_calloc
                0x0000000000000000       0x50 malloc.o
 .text.hf_realloc
                0x0000000000000000       0x9c malloc.o
 .text          0x0000000000000000        0x0 math.o
 .data          0x0000000000000000        0x0 math.o
 .bss           0x0000000000000000        0x0 math.o
 .reginfo       0x0000000000000000       0x18 math.o
 .MIPS.abiflags
                0x0000000000000000       0x18 math.o
 .pdr           0x0000000000000000        0x0 math.o
 .mdebug.abi32  0x0000000000000000        0x0 math.o
 .comment       0x0000000000000000       0x12 math.o
 .gnu.attributes
                0x0000000000000000       0x10 math.o
 .text          0x0000000000000000        0x0 mutex.o
 .data          0x0000000000000000        0x0 mutex.o
 .bss           0x0000000000000000        0x0 mutex.o
 .reginfo       0x0000000000000000       0x18 mutex.o
 .MIPS.abiflags
                0x0000000000000000       0x18 mutex.o
 .pdr           0x0000000000000000       0x60 mutex.o
 .text          0x0000000000000000        0x0 panic.o
 .data          0x0000000000000000        0x0 panic.o
 .bss           0x0000000000000000        0x0 panic.o
 .reginfo       0x0000000000000000       0x18 panic.o
 .MIPS.abiflags
                0x0000000000000000       0x18 panic.o
 .pdr           0x0000000000000000       0x20 panic.o
 .text          0x0000000000000000        0x0 processor.o
 .data          0x0000000000000000        0x0 processor.o
 .bss           0x0000000000000000        0x0 processor.o
 .reginfo       0x0000000000000000       0x18 processor.o
 .MIPS.abiflags
                0x0000000000000000       0x18 processor.o
 .pdr           0x0000000000000000       0xa0 processor.o
 .text.hf_freecpu
                0x0000000000000000       0xb4 processor.o
 .text.hf_cpuload
                0x0000000000000000      0x104 processor.o
 .text.hf_freemem
                0x0000000000000000       0x34 processor.o
 .text.hf_ticktime
                0x0000000000000000       0x34 processor.o
 .text          0x0000000000000000        0x0 queue.o
 .data          0x0000000000000000        0x0 queue.o
 .bss           0x0000000000000000        0x0 queue.o
 .reginfo       0x0000000000000000       0x18 queue.o
 .MIPS.abiflags
                0x0000000000000000       0x18 queue.o
 .pdr           0x0000000000000000      0x120 queue.o
 .text.hf_queue_destroy
                0x0000000000000000       0x50 queue.o
 .text.hf_queue_remtail
                0x0000000000000000       0x74 queue.o
 .text.hf_queue_set
                0x0000000000000000       0x80 queue.o
 .text          0x0000000000000000        0x0 scheduler.o
 .data          0x0000000000000000        0x0 scheduler.o
 .bss           0x0000000000000000        0x0 scheduler.o
 .reginfo       0x0000000000000000       0x18 scheduler.o
 .MIPS.abiflags
                0x0000000000000000       0x18 scheduler.o
 .pdr           0x0000000000000000       0xe0 scheduler.o
 .text.sched_rr
                0x0000000000000000       0x74 scheduler.o
 .text.sched_lottery
                0x0000000000000000       0xc8 scheduler.o
 .text          0x0000000000000000        0x0 semaphore.o
 .data          0x0000000000000000        0x0 semaphore.o
 .bss           0x0000000000000000        0x0 semaphore.o
 .reginfo       0x0000000000000000       0x18 semaphore.o
 .MIPS.abiflags
                0x0000000000000000       0x18 semaphore.o
 .pdr           0x0000000000000000       0x80 semaphore.o
 .text.hf_semdestroy
                0x0000000000000000       0x64 semaphore.o
 .text          0x0000000000000000        0x0 task.o
 .data          0x0000000000000000        0x0 task.o
 .bss           0x0000000000000000        0x0 task.o
 .reginfo       0x0000000000000000       0x18 task.o
 .MIPS.abiflags
                0x0000000000000000       0x18 task.o
 .pdr           0x0000000000000000      0x1e0 task.o
 .text.hf_id    0x0000000000000000       0xc8 task.o
 .text.hf_name  0x0000000000000000       0x7c task.o
 .text.hf_selfid
                0x0000000000000000       0x38 task.o
 .text.hf_selfname
                0x0000000000000000       0x38 task.o
 .text.hf_state
                0x0000000000000000       0x74 task.o
 .text.hf_jobs  0x0000000000000000       0x90 task.o
 .text.hf_dlm   0x0000000000000000       0x74 task.o
 .text.hf_priorityset
                0x0000000000000000       0x94 task.o
 .text.hf_priorityget
                0x0000000000000000       0x80 task.o
 .text.hf_block
                0x0000000000000000      0x16c task.o
 .text.hf_resume
                0x0000000000000000      0x170 task.o
 .text.hf_kill  0x0000000000000000      0x430 task.o
 .text.hf_delay
                0x0000000000000000      0x304 task.o
 .text          0x0000000000000000        0x0 test_t1.o
 .data          0x0000000000000000        0x0 test_t1.o
 .bss           0x0000000000000000        0x0 test_t1.o
 .reginfo       0x0000000000000000       0x18 test_t1.o
 .MIPS.abiflags
                0x0000000000000000       0x18 test_t1.o
 .pdr           0x0000000000000000       0x60 test_t1.o

Memory Configuration

Name             Origin             Length             Attributes
rom              0x0000000000000000 0x0000000010000000
ram              0x0000000040000000 0x0000000010000000
ram_top          0x000000004ffffc00 0x0000000000000400
*default*        0x0000000000000000 0xffffffffffffffff

Linker script and memory map

                0x000000004ffffffc                _stack = 0x4ffffffc
                0x0000000000000000                . = 0x0

.text           0x0000000040000000     0x2e30
 *(.text.init)
                0x0000000040000000                _text = .
 *(.text)
 .text          0x0000000040000000      0x2a8 crt0.o
                0x0000000040000000                _entry
                0x0000000040000100                _isr
                0x0000000040000208                _interrupt_set
                0x0000000040000220                _context_save
                0x000000004000025c                _context_restore
 *(.text.*)
 .text.putchar  0x00000000400002a8       0x20 hal.o
                0x00000000400002a8                putchar
 .text.dputchar
                0x00000000400002c8       0x10 hal.o
                0x00000000400002c8                dputchar
 .text._hardware_init
                0x00000000400002d8        0x8 hal.o
                0x00000000400002d8                _hardware_init
 .text._vm_init
                0x00000000400002e0       0x30 hal.o
                0x00000000400002e0                _vm_init
 .text._sched_init
                0x0000000040000310        0xc hal.o
                0x0000000040000310                _sched_init
 .text._timer_init
                0x000000004000031c       0x50 hal.o
                0x000000004000031c                _timer_init
 .text._irq_init
                0x000000004000036c        0xc hal.o
                0x000000004000036c                _irq_init
 .text._device_init
                0x0000000040000378        0xc hal.o
                0x0000000040000378                _device_init
 .text._task_init
                0x0000000040000384        0xc hal.o
                0x0000000040000384                _task_init
 .text._set_task_sp
                0x0000000040000390       0x2c hal.o
                0x0000000040000390                _set_task_sp
 .text._get_task_sp
                0x00000000400003bc       0x2c hal.o
                0x00000000400003bc                _get_task_sp
 .text._set_task_tp
                0x00000000400003e8       0x2c hal.o
                0x00000000400003e8                _set_task_tp
 .text._cpu_idle
                0x0000000040000414        0x8 hal.o
                0x0000000040000414                _cpu_idle
 .text._read_us
                0x000000004000041c       0x90 hal.o
                0x000000004000041c                _read_us
 .text._timer_reset
                0x00000000400004ac       0x4c hal.o
                0x00000000400004ac                _timer_reset
 .text._panic   0x00000000400004f8       0x10 hal.o
                0x00000000400004f8                _panic
 .text._irq_register
                0x0000000040000508       0x38 interrupt.o
                0x0000000040000508                _irq_register
 .text._irq_handler
                0x0000000040000540       0x90 interrupt.o
                0x0000000040000540                _irq_handler
 .text.kitoa.part.0
                0x00000000400005d0      0x198 kprintf.o
 .text.kprintf  0x0000000040000768      0x1d8 kprintf.o
                0x0000000040000768                kprintf
 .text.dprintf  0x0000000040000940      0x1f4 kprintf.o
                0x0000000040000940                dprintf
 .text.printchar.part.0
                0x0000000040000b34       0x18 libc.o
 .text.__udivmoddi4.part.1
                0x0000000040000b4c       0xe8 libc.o
 .text.vsprintf
                0x0000000040000c34      0x41c libc.o
 .text.strncpy  0x0000000040001050       0x78 libc.o
                0x0000000040001050                strncpy
 .text.memset   0x00000000400010c8       0x28 libc.o
                0x00000000400010c8                memset
 .text.printf   0x00000000400010f0       0x3c libc.o
                0x00000000400010f0                printf
 .text.__udivmodsi4
                0x000000004000112c       0x8c libc.o
                0x000000004000112c                __udivmodsi4
 .text.__divsi3
                0x00000000400011b8       0x78 libc.o
                0x00000000400011b8                __divsi3
 .text.__modsi3
                0x0000000040001230       0x88 libc.o
                0x0000000040001230                __modsi3
 .text.__udivsi3
                0x00000000400012b8        0x8 libc.o
                0x00000000400012b8                __udivsi3
 .text.__umodsi3
                0x00000000400012c0        0x8 libc.o
                0x00000000400012c0                __umodsi3
 .text.__udivdi3
                0x00000000400012c8       0x38 libc.o
                0x00000000400012c8                __udivdi3
 .text.idletask
                0x0000000040001300       0x48 main.o
 .text.startup.main
                0x0000000040001348      0x2fc main.o
                0x0000000040001348                main
 .text.hf_free  0x0000000040001644       0x6c malloc.o
                0x0000000040001644                hf_free
 .text.hf_malloc
                0x00000000400016b0      0x134 malloc.o
                0x00000000400016b0                hf_malloc
 .text.heapinit
                0x00000000400017e4       0x54 malloc.o
                0x00000000400017e4                heapinit
 .text.hf_mtxinit
                0x0000000040001838        0xc mutex.o
                0x0000000040001838                hf_mtxinit
 .text.hf_mtxlock
                0x0000000040001844       0x58 mutex.o
                0x0000000040001844                hf_mtxlock
 .text.hf_mtxunlock
                0x000000004000189c        0xc mutex.o
                0x000000004000189c                hf_mtxunlock
 .text.panic    0x00000000400018a8      0x1cc panic.o
                0x00000000400018a8                panic
 .text.hf_schedlock
                0x0000000040001a74       0x58 processor.o
                0x0000000040001a74                hf_schedlock
 .text.hf_queue_create
                0x0000000040001acc       0x78 queue.o
                0x0000000040001acc                hf_queue_create
 .text.hf_queue_count
                0x0000000040001b44        0x8 queue.o
                0x0000000040001b44                hf_queue_count
 .text.hf_queue_addtail
                0x0000000040001b4c       0x90 queue.o
                0x0000000040001b4c                hf_queue_addtail
 .text.hf_queue_remhead
                0x0000000040001bdc       0x74 queue.o
                0x0000000040001bdc                hf_queue_remhead
 .text.hf_queue_get
                0x0000000040001c50       0x70 queue.o
                0x0000000040001c50                hf_queue_get
 .text.hf_queue_swap
                0x0000000040001cc0       0xe0 queue.o
                0x0000000040001cc0                hf_queue_swap
 .text.run_queue_next
                0x0000000040001da0       0x70 scheduler.o
 .text.dispatch_isr
                0x0000000040001e10      0x2a4 scheduler.o
                0x0000000040001e10                dispatch_isr
 .text.sched_aperiodic_rr
                0x00000000400020b4       0xac scheduler.o
                0x00000000400020b4                sched_aperiodic_rr
 .text.sched_priorityrr
                0x0000000040002160      0x178 scheduler.o
                0x0000000040002160                sched_priorityrr
 .text.sched_rma
                0x00000000400022d8      0x240 scheduler.o
                0x00000000400022d8                sched_rma
 .text.hf_seminit
                0x0000000040002518       0x84 semaphore.o
                0x0000000040002518                hf_seminit
 .text.hf_semwait
                0x000000004000259c       0xc0 semaphore.o
                0x000000004000259c                hf_semwait
 .text.hf_sempost
                0x000000004000265c       0x94 semaphore.o
                0x000000004000265c                hf_sempost
 .text.hf_spawn
                0x00000000400026f0      0x37c task.o
                0x00000000400026f0                hf_spawn
 .text.hf_yield
                0x0000000040002a6c      0x1d4 task.o
                0x0000000040002a6c                hf_yield
 .text.user     0x0000000040002c40       0x98 test_t1.o
                0x0000000040002c40                user
 .text.pigeon   0x0000000040002cd8       0x88 test_t1.o
                0x0000000040002cd8                pigeon
 .text.app_main
                0x0000000040002d60       0xd0 test_t1.o
                0x0000000040002d60                app_main
                0x0000000040002e30                _etext = .

.rodata         0x0000000040002e30      0x92c
                0x0000000040002e30                _rodata = .
 *(.rodata)
 *(.rodata.*)
 .rodata.str1.4
                0x0000000040002e30       0x7b hal.o
 *fill*         0x0000000040002eab        0x1 
 .rodata.str1.4
                0x0000000040002eac        0xa interrupt.o
 *fill*         0x0000000040002eb6        0x2 
 .rodata.str1.4
                0x0000000040002eb8       0x1f kprintf.o
 *fill*         0x0000000040002ed7        0x1 
 .rodata.str1.4
                0x0000000040002ed8       0x63 libc.o
                                         0x77 (size before relaxing)
 *fill*         0x0000000040002f3b        0x1 
 .rodata.vsprintf
                0x0000000040002f3c       0x84 libc.o
 .rodata.str1.4
                0x0000000040002fc0      0x1c0 main.o
                                        0x1ca (size before relaxing)
 .rodata.str1.4
                0x0000000040003180      0x200 panic.o
 .rodata.panic  0x0000000040003380       0x48 panic.o
 .rodata.str1.4
                0x00000000400033c8       0x62 processor.o
 *fill*         0x000000004000342a        0x2 
 .rodata.str1.4
                0x000000004000342c       0x21 scheduler.o
 *fill*         0x000000004000344d        0x3 
 .rodata.str1.4
                0x0000000040003450      0x2cb task.o
                                        0x2df (size before relaxing)
 *fill*         0x000000004000371b        0x1 
 .rodata.str1.4
                0x000000004000371c       0x40 test_t1.o
                                         0x3f (size before relaxing)
                0x000000004000375c                _erodata = .

.MIPS.abiflags  0x0000000040003760       0x18
 .MIPS.abiflags
                0x0000000040003760       0x18 condvar.o

.data           0x0000000040003778        0x8
                0x0000000040003778                _data = .
 *(.data)
 *(.data.*)
 .data.oops.1308
                0x0000000040003778        0x4 main.o
                0x000000004000b76c                _gp = (. + 0x7ff0)
 *(.sdata)
 *(.sdata.*)
                0x0000000040003780                . = ALIGN (0x10)
 *fill*         0x000000004000377c        0x4 
                0x0000000040003780                _edata = .

.bss            0x0000000040003780    0x7b3c8
                0x0000000040003780                _bss_start = .
 *(.sbss)
 *(.sbss.*)
 *(.bss)
 *(.bss.*)
 .bss.timeref.1475
                0x0000000040003780        0x8 hal.o
 .bss.tval2.1476
                0x0000000040003788        0x4 hal.o
 .bss.tref.1477
                0x000000004000378c        0x4 hal.o
 .bss.lastcount.1464
                0x0000000040003790        0x4 hal.o
 .bss.timecount.1463
                0x0000000040003794        0x4 hal.o
 .bss.isr       0x0000000040003798       0x80 interrupt.o
 .bss.buf.1137  0x0000000040003818       0x20 kprintf.o
 .bss.krnl_malloc
                0x0000000040003838        0x4 malloc.o
                0x000000004000383c                . = ALIGN (0x4)
                0x000000004000383c                _bss_end = .
 COMMON         0x000000004000383c    0x7b30c condvar.o
                0x000000004000383c                krnl_tcb
                0x0000000040004a0c                krnl_heap
                0x000000004007eb2c                krnl_pcb
                0x000000004007eb48                _end = .
LOAD condvar.o
LOAD crc.o
LOAD crt0.o
LOAD eth_enc28j60.o
LOAD hal.o
LOAD interrupt.o
LOAD kprintf.o
LOAD libc.o
LOAD list.o
LOAD main.o
LOAD malloc.o
LOAD math.o
LOAD mutex.o
LOAD panic.o
LOAD processor.o
LOAD queue.o
LOAD scheduler.o
LOAD semaphore.o
LOAD task.o
LOAD test_t1.o
OUTPUT(image.elf elf32-bigmips)

.scommon        0x000000004007eb48       0x4c
 .scommon       0x000000004007eb48       0x28 condvar.o
                0x000000004007eb48                krnl_current_task
                0x000000004007eb4c                krnl_task
                0x000000004007eb50                krnl_event_queue
                0x000000004007eb54                krnl_aperiodic_queue
                0x000000004007eb58                krnl_tasks
                0x000000004007eb5c                krnl_free
                0x000000004007eb60                krnl_run_queue
                0x000000004007eb64                krnl_rt_queue
                0x000000004007eb68                krnl_schedule
                0x000000004007eb6c                krnl_delay_queue
 .scommon       0x000000004007eb70        0x8 eth_enc28j60.o
                0x000000004007eb70                last_free
                0x000000004007eb74                first_free
 .scommon       0x000000004007eb78       0x1c test_t1.o
                0x000000004007eb78                enchendo
                0x000000004007eb80                contaPostIt
                0x000000004007eb84                mutex
                0x000000004007eb8c                cheia

.reginfo        0x0000000000000000       0x18
 .reginfo       0x0000000000000000       0x18 condvar.o

.mdebug.abi32   0x0000000000000000        0x0
 .mdebug.abi32  0x0000000000000000        0x0 condvar.o
 .mdebug.abi32  0x0000000000000000        0x0 eth_enc28j60.o
 .mdebug.abi32  0x0000000000000000        0x0 hal.o
 .mdebug.abi32  0x0000000000000000        0x0 interrupt.o
 .mdebug.abi32  0x0000000000000000        0x0 kprintf.o
 .mdebug.abi32  0x0000000000000000        0x0 libc.o
 .mdebug.abi32  0x0000000000000000        0x0 main.o
 .mdebug.abi32  0x0000000000000000        0x0 malloc.o
 .mdebug.abi32  0x0000000000000000        0x0 mutex.o
 .mdebug.abi32  0x0000000000000000        0x0 panic.o
 .mdebug.abi32  0x0000000000000000        0x0 processor.o
 .mdebug.abi32  0x0000000000000000        0x0 queue.o
 .mdebug.abi32  0x0000000000000000        0x0 scheduler.o
 .mdebug.abi32  0x0000000000000000        0x0 semaphore.o
 .mdebug.abi32  0x0000000000000000        0x0 task.o
 .mdebug.abi32  0x0000000000000000        0x0 test_t1.o

.comment        0x0000000000000000       0x11
 .comment       0x0000000000000000       0x11 condvar.o
                                         0x12 (size before relaxing)
 .comment       0x0000000000000011       0x12 eth_enc28j60.o
 .comment       0x0000000000000011       0x12 hal.o
 .comment       0x0000000000000011       0x12 interrupt.o
 .comment       0x0000000000000011       0x12 kprintf.o
 .comment       0x0000000000000011       0x12 libc.o
 .comment       0x0000000000000011       0x12 main.o
 .comment       0x0000000000000011       0x12 malloc.o
 .comment       0x0000000000000011       0x12 mutex.o
 .comment       0x0000000000000011       0x12 panic.o
 .comment       0x0000000000000011       0x12 processor.o
 .comment       0x0000000000000011       0x12 queue.o
 .comment       0x0000000000000011       0x12 scheduler.o
 .comment       0x0000000000000011       0x12 semaphore.o
 .comment       0x0000000000000011       0x12 task.o
 .comment       0x0000000000000011       0x12 test_t1.o

.gnu.attributes
                0x0000000000000000       0x10
 .gnu.attributes
                0x0000000000000000       0x10 condvar.o
 .gnu.attributes
                0x0000000000000010       0x10 crt0.o
 .gnu.attributes
                0x0000000000000020       0x10 eth_enc28j60.o
 .gnu.attributes
                0x0000000000000030       0x10 hal.o
 .gnu.attributes
                0x0000000000000040       0x10 interrupt.o
 .gnu.attributes
                0x0000000000000050       0x10 kprintf.o
 .gnu.attributes
                0x0000000000000060       0x10 libc.o
 .gnu.attributes
                0x0000000000000070       0x10 main.o
 .gnu.attributes
                0x0000000000000080       0x10 malloc.o
 .gnu.attributes
                0x0000000000000090       0x10 mutex.o
 .gnu.attributes
                0x00000000000000a0       0x10 panic.o
 .gnu.attributes
                0x00000000000000b0       0x10 processor.o
 .gnu.attributes
                0x00000000000000c0       0x10 queue.o
 .gnu.attributes
                0x00000000000000d0       0x10 scheduler.o
 .gnu.attributes
                0x00000000000000e0       0x10 semaphore.o
 .gnu.attributes
                0x00000000000000f0       0x10 task.o
 .gnu.attributes
                0x0000000000000100       0x10 test_t1.o

.pdr            0x0000000000000000        0x0
 .pdr           0x0000000000000000        0x0 eth_enc28j60.o

.scommon        0x0000000000000000        0x0
 .scommon       0x0000000000000000        0x0 hal.o
 .scommon       0x0000000000000000        0x0 interrupt.o
 .scommon       0x0000000000000000        0x0 libc.o
 .scommon       0x0000000000000000        0x0 main.o
 .scommon       0x0000000000000000        0x0 malloc.o
 .scommon       0x0000000000000000        0x0 panic.o
 .scommon       0x0000000000000000        0x0 processor.o
 .scommon       0x0000000000000000        0x0 queue.o
 .scommon       0x0000000000000000        0x0 scheduler.o
 .scommon       0x0000000000000000        0x0 semaphore.o
 .scommon       0x0000000000000000        0x0 task.o
